// Jest Snapshot v1, https://goo.gl/fbAQLP

exports[`Button should render button if onClick and postback is provided 1`] = `
<div>
  <button
    onClick={[Function]}
    title="this is a button"
  >
    this is a button
  </button>
</div>
`;

exports[`Button should render link if URL is provided 1`] = `
<a
  href="http://brandembassy.com"
  target="_blank"
  title="this is a link"
>
  this is a link
</a>
`;
