// Jest Snapshot v1, https://goo.gl/fbAQLP

exports[`Statuses should render status with {"status":"resolved"} 1`] = `
<div
  className="Resolved"
  data-cy="status-resolved"
>
  resolved
</div>
`;

exports[`Statuses should render status with {"text":"custom label","status":"new","hasHover":true} 1`] = `
<div
  className="New hasHover"
  data-cy="status-new"
>
  custom label
</div>
`;
