// Jest Snapshot v1, https://goo.gl/fbAQLP

exports[`Carusel should render carusel 1`] = `
<div
  data-cy="CARUSEL"
>
  <div>
    <div />
  </div>
  <div>
    <div
      style="position:absolute;width:0;height:0;visibility:hidden;display:none"
    />
    <div
      style="overflow-x:hidden"
    >
      <div
        class="react-swipeable-view-container"
        style="-webkit-flex-direction:row;flex-direction:row;-webkit-transition:all 0s ease 0s;transition:all 0s ease 0s;direction:ltr;display:flex;will-change:transform"
      >
        <div
          aria-hidden="false"
          data-swipeable="true"
          style="width:100%;-webkit-flex-shrink:0;flex-shrink:0;overflow:auto"
        >
          <div>
            <div>
              <div>
                <div
                  class="be-icon-multi-image"
                />
                <div>
                  <img
                    src="https://picsum.photos/300/150"
                  />
                </div>
              </div>
              <h1>
                Hello!
              </h1>
              <p>
                Lorem Impsum...
              </p>
              <div>
                <button
                  title="Click me!"
                >
                  Click me!
                </button>
              </div>
              <div>
                <button
                  title="No click me!"
                >
                  No click me!
                </button>
              </div>
              <div>
                <button
                  title="Aww don\`t click on me"
                >
                  Aww don\`t click on me
                </button>
              </div>
            </div>
          </div>
        </div>
      </div>
    </div>
  </div>
  <div>
    <div />
  </div>
</div>
`;
