// Jest Snapshot v1, https://goo.gl/fbAQLP

exports[`Gallery should render gallery 1`] = `
<div
  data-cy="GALLERY"
>
  <div>
    <div
      style="position:absolute;width:0;height:0;visibility:hidden;display:none"
    />
    <div>
      <div>
        <div>
          <div
            class="be-icon-multi-image"
          />
          <div>
            <img
              src="https://picsum.photos/300/150"
            />
          </div>
        </div>
        <h1>
          Hello!
        </h1>
        <p>
          Lorem Impsum...
        </p>
        <div>
          <button
            title="Click me!"
          >
            Click me!
          </button>
        </div>
        <div>
          <button
            title="No click me!"
          >
            No click me!
          </button>
        </div>
        <div>
          <button
            title="Aww don\`t click on me"
          >
            Aww don\`t click on me
          </button>
        </div>
      </div>
    </div>
    <div>
      <div>
        <div>
          <div
            class="be-icon-multi-image"
          />
          <div>
            <img
              src="https://picsum.photos/300/150"
            />
          </div>
        </div>
        <h1>
          Hello!
        </h1>
        <p>
          Lorem Impsum...
        </p>
        <div>
          <button
            title="Click me!"
          >
            Click me!
          </button>
        </div>
        <div>
          <button
            title="No click me!"
          >
            No click me!
          </button>
        </div>
        <div>
          <button
            title="Aww don\`t click on me"
          >
            Aww don\`t click on me
          </button>
        </div>
      </div>
    </div>
    <div>
      <div>
        <div>
          <div
            class="be-icon-multi-image"
          />
          <div>
            <img
              src="https://picsum.photos/300/150"
            />
          </div>
        </div>
        <h1>
          Hello!
        </h1>
        <p>
          Lorem Impsum...
        </p>
        <div>
          <button
            title="Click me!"
          >
            Click me!
          </button>
        </div>
        <div>
          <button
            title="No click me!"
          >
            No click me!
          </button>
        </div>
        <div>
          <button
            title="Aww don\`t click on me"
          >
            Aww don\`t click on me
          </button>
        </div>
      </div>
    </div>
  </div>
</div>
`;
